// Jest Snapshot v1, https://goo.gl/fbAQLP

exports[`renders component renders correctly with title 1`] = `
<h1>
  Welcome To 
  Autozone
</h1>
`;
