// Jest Snapshot v1, https://goo.gl/fbAQLP

exports[`SingleBlog exists SnapShotÂ Match 1`] = `ShallowWrapper {}`;
