// Jest Snapshot v1, https://goo.gl/fbAQLP

exports[`renders component with images SnapShot Match for Product Details screen 1`] = `
<div
  className="container"
>
  <div
    className="row"
  >
    <div
      className="col-md-12"
    >
      <div
        className="error-template"
      >
        <h1>
          Oops!
        </h1>
        <h2>
          404 Not Found
        </h2>
        <div
          className="error-details"
        >
          Sorry, an error has occured, Requested page not found!
        </div>
        <div
          className="error-actions"
        >
          <a
            className="btn btn-primary btn-lg"
            href="http://www.jquery2dotnet.com"
          >
            <span
              className="glyphicon glyphicon-home"
            />
            Take Me Home 
          </a>
          <a
            className="btn btn-default btn-lg"
            href="http://www.jquery2dotnet.com"
          >
            <span
              className="glyphicon glyphicon-envelope"
            />
             Contact Support 
          </a>
        </div>
      </div>
    </div>
  </div>
</div>
`;
