// Jest Snapshot v1, https://goo.gl/fbAQLP

exports[`Render Product Component SnapShotÂ Match 1`] = `
<div
  className="col-12 col-sm-6 col-lg-4"
>
  <div
    className="single-product-wrapper"
  >
    <div
      className="product-img"
    >
      <img
        alt=""
      />
      <img
        alt=""
        className="hover-img"
      />
      <div
        className="product-badge offer-badge"
      >
        <span />
      </div>
      <div
        className="product-favourite"
      >
        <a
          className="favme fa fa-heart"
          href="#"
        />
      </div>
    </div>
    <div
      className="product-description"
    >
      <span />
      <a
        href="single-product-details.html"
      >
        <h6 />
      </a>
      <p
        className="product-price"
      >
        <span
          className="old-price"
        >
          $
        </span>
         $
      </p>
      <div
        className="hover-content"
      >
        <div
          className="add-to-cart-btn"
        >
          <a
            className="btn essence-btn"
            href="#"
          >
            Add to Cart
          </a>
        </div>
      </div>
    </div>
  </div>
</div>
`;
