// Jest Snapshot v1, https://goo.gl/fbAQLP

exports[`renders component with images SnapShot Match for blog screen 1`] = `
<div>
  <div
    className="breadcumb_area breadcumb-style-two bg-img"
    data-testid="background"
    style={
      Object {
        "backgroundImage": "url(breadcumb2.jpg)",
      }
    }
  >
    <div
      className="container h-100"
    >
      <div
        className="row h-100 align-items-center"
      >
        <div
          className="col-12"
        >
          <div
            className="page-title text-center"
          >
            <h2>
              Fashion Blog
            </h2>
          </div>
        </div>
      </div>
    </div>
  </div>
  <div
    className="blog-wrapper section-padding-80"
  >
    <div
      className="container"
    >
      <div
        className="row"
      >
        <div
          className="col-12 col-lg-6"
        >
          <div
            className="single-blog-area mb-50"
          >
            <img
              alt=""
              src="blog1.jpg"
            />
            <div
              className="post-title"
            >
              <a
                href="#"
              >
                Vivamus sed nunc in arcu cursus mollis quis et orci. Interdum et malesuada
              </a>
            </div>
            <div
              className="hover-content"
            >
              <div
                className="hover-post-title"
              >
                <a
                  href="#"
                >
                  Vivamus sed nunc in arcu cursus mollis quis et orci. Interdum et malesuada
                </a>
              </div>
              <p>
                Lorem ipsum dolor sit amet, consectetur adipiscing elit. Fusce enim nulla, mollis eu metus in, sagittis fringilla tortor. Phasellus purus dignissim convallis.
              </p>
              <a
                href="#"
              >
                Continue reading 
                <i
                  className="fa fa-angle-right"
                />
              </a>
            </div>
          </div>
        </div>
        <div
          className="col-12 col-lg-6"
        >
          <div
            className="single-blog-area mb-50"
          >
            <img
              alt=""
              src="blog2.jpg"
            />
            <div
              className="post-title"
            >
              <a
                href="#"
              >
                Vivamus sed nunc in arcu cursus mollis quis et orci. Interdum et malesuada
              </a>
            </div>
            <div
              className="hover-content"
            >
              <div
                className="hover-post-title"
              >
                <a
                  href="#"
                >
                  Vivamus sed nunc in arcu cursus mollis quis et orci. Interdum et malesuada
                </a>
              </div>
              <p>
                Lorem ipsum dolor sit amet, consectetur adipiscing elit. Fusce enim nulla, mollis eu metus in, sagittis fringilla tortor. Phasellus purus dignissim convallis.
              </p>
              <a
                href="#"
              >
                Continue reading 
                <i
                  className="fa fa-angle-right"
                />
              </a>
            </div>
          </div>
        </div>
        <div
          className="col-12 col-lg-6"
        >
          <div
            className="single-blog-area mb-50"
          >
            <img
              alt=""
              src="blog3.jpg"
            />
            <div
              className="post-title"
            >
              <a
                href="#"
              >
                Vivamus sed nunc in arcu cursus mollis quis et orci. Interdum et malesuada
              </a>
            </div>
            <div
              className="hover-content"
            >
              <div
                className="hover-post-title"
              >
                <a
                  href="#"
                >
                  Vivamus sed nunc in arcu cursus mollis quis et orci. Interdum et malesuada
                </a>
              </div>
              <p>
                Lorem ipsum dolor sit amet, consectetur adipiscing elit. Fusce enim nulla, mollis eu metus in, sagittis fringilla tortor. Phasellus purus dignissim convallis.
              </p>
              <a
                href="#"
              >
                Continue reading 
                <i
                  className="fa fa-angle-right"
                />
              </a>
            </div>
          </div>
        </div>
        <div
          className="col-12 col-lg-6"
        >
          <div
            className="single-blog-area mb-50"
          >
            <img
              alt=""
              src="blog4.jpg"
            />
            <div
              className="post-title"
            >
              <a
                href="#"
              >
                Vivamus sed nunc in arcu cursus mollis quis et orci. Interdum et malesuada
              </a>
            </div>
            <div
              className="hover-content"
            >
              <div
                className="hover-post-title"
              >
                <a
                  href="#"
                >
                  Vivamus sed nunc in arcu cursus mollis quis et orci. Interdum et malesuada
                </a>
              </div>
              <p>
                Lorem ipsum dolor sit amet, consectetur adipiscing elit. Fusce enim nulla, mollis eu metus in, sagittis fringilla tortor. Phasellus purus dignissim convallis.
              </p>
              <a
                href="#"
              >
                Continue reading 
                <i
                  className="fa fa-angle-right"
                />
              </a>
            </div>
          </div>
        </div>
        <div
          className="col-12 col-lg-6"
        >
          <div
            className="single-blog-area mb-50"
          >
            <img
              alt=""
              src="blog5.jpg"
            />
            <div
              className="post-title"
            >
              <a
                href="#"
              >
                Vivamus sed nunc in arcu cursus mollis quis et orci. Interdum et malesuada
              </a>
            </div>
            <div
              className="hover-content"
            >
              <div
                className="hover-post-title"
              >
                <a
                  href="#"
                >
                  Vivamus sed nunc in arcu cursus mollis quis et orci. Interdum et malesuada
                </a>
              </div>
              <p>
                Lorem ipsum dolor sit amet, consectetur adipiscing elit. Fusce enim nulla, mollis eu metus in, sagittis fringilla tortor. Phasellus purus dignissim convallis.
              </p>
              <a
                href="#"
              >
                Continue reading 
                <i
                  className="fa fa-angle-right"
                />
              </a>
            </div>
          </div>
        </div>
        <div
          className="col-12 col-lg-6"
        >
          <div
            className="single-blog-area mb-50"
          >
            <img
              alt=""
              src="blog6.jpg"
            />
            <div
              className="post-title"
            >
              <a
                href="#"
              >
                Vivamus sed nunc in arcu cursus mollis quis et orci. Interdum et malesuada
              </a>
            </div>
            <div
              className="hover-content"
            >
              <div
                className="hover-post-title"
              >
                <a
                  href="#"
                >
                  Vivamus sed nunc in arcu cursus mollis quis et orci. Interdum et malesuada
                </a>
              </div>
              <p>
                Lorem ipsum dolor sit amet, consectetur adipiscing elit. Fusce enim nulla, mollis eu metus in, sagittis fringilla tortor. Phasellus purus dignissim convallis.
              </p>
              <a
                href="#"
              >
                Continue reading 
                <i
                  className="fa fa-angle-right"
                />
              </a>
            </div>
          </div>
        </div>
      </div>
    </div>
  </div>
</div>
`;
