// Jest Snapshot v1, https://goo.gl/fbAQLP

exports[`Brand testing SnapShot Match for Brand component 1`] = `
<div
  className="widget brands mb-50"
>
  <p
    className="widget-title2 mb-30"
  >
    Brands
  </p>
  <div
    className="widget-desc"
  >
    <ul>
      <li>
        <a
          href="#"
        >
          Asos
        </a>
      </li>
      <li>
        <a
          href="#"
        >
          Mango
        </a>
      </li>
      <li>
        <a
          href="#"
        >
          River Island
        </a>
      </li>
      <li>
        <a
          href="#"
        >
          Topshop
        </a>
      </li>
      <li>
        <a
          href="#"
        >
          Zara
        </a>
      </li>
    </ul>
  </div>
</div>
`;
