// Jest Snapshot v1, https://goo.gl/fbAQLP

exports[`test InputWithLabel component SnapShot Match 1`] = `
Array [
  <label>
    label
     
    <span>
      *
    </span>
  </label>,
  <input
    className="form-control"
    defaultValue=""
    required={true}
    type="text"
  />,
]
`;
