// Jest Snapshot v1, https://goo.gl/fbAQLP

exports[`test GoogleMap SnapShot Match 1`] = `
<div>
  Loading...
</div>
`;
