// Jest Snapshot v1, https://goo.gl/fbAQLP

exports[`test Button component SnapShot Match 1`] = `
<button
  className="btn essence-btn"
/>
`;
